xiaomaoqiqi:~/workspace $ git init
Initialized empty Git repository in /home/ubuntu/workspace/.git/
xiaomaoqiqi:~/workspace (master) $ git status
On branch master

No commits yet

Untracked files:
  (use "git add <file>..." to include in what will be committed)

        README.md
        hello-world.html

nothing added to commit but untracked files present (use "git add" to track)
xiaomaoqiqi:~/workspace (master) $ git add -A
xiaomaoqiqi:~/workspace (master) $ git commit -m "First commit"
[master (root-commit) b00bf41] First commit
 2 files changed, 88 insertions(+)
 create mode 100644 README.md
 create mode 100644 hello-world.html
xiaomaoqiqi:~/workspace (master) $ git status
On branch master
nothing to commit, working tree clean
xiaomaoqiqi:~/workspace (master) $ git remote add origin git@github.com:xiaomaoqiqi/UnixtPractice.git
xiaomaoqiqi:~/workspace (master) $ git push -u origin master
Warning: Permanently added 'github.com,192.30.253.112' (RSA) to the list of known hosts.
Counting objects: 4, done.
Delta compression using up to 8 threads.
Compressing objects: 100% (4/4), done.
Writing objects: 100% (4/4), 1.35 KiB | 1.35 MiB/s, done.
Total 4 (delta 0), reused 0 (delta 0)
To github.com:xiaomaoqiqi/UnixtPractice.git
 * [new branch]      master -> master
Branch master set up to track remote branch master from origin.
xiaomaoqiqi:~/workspace (master) $ git status
On branch master
Your branch is up-to-date with 'origin/master'.

nothing to commit, working tree clean
xiaomaoqiqi:~/workspace (master) $ clear
xiaomaoqiqi:~/workspace (master) $ ls
README.md  hello-world.html
xiaomaoqiqi:~/workspace (master) $ ls -a
./  ../  .c9/  .git/  README.md  hello-world.html
xiaomaoqiqi:~/workspace (master) $ mkdir unixstuff
xiaomaoqiqi:~/workspace (master) $ ls
README.md  hello-world.html  unixstuff/
xiaomaoqiqi:~/workspace (master) $ cd unixstuff/
xiaomaoqiqi:~/workspace/unixstuff (master) $ mkdir backups
xiaomaoqiqi:~/workspace/unixstuff (master) $ ls
backups/
xiaomaoqiqi:~/workspace/unixstuff (master) $ ls -a
./  ../  backups/
xiaomaoqiqi:~/workspace/unixstuff (master) $ cd .

xiaomaoqiqi:~/workspace/unixstuff (master) $ 
xiaomaoqiqi:~/workspace/unixstuff (master) $ cd ..
xiaomaoqiqi:~/workspace (master) $ cd
xiaomaoqiqi:~ $ cd workspace
xiaomaoqiqi:~/workspace (master) $ cd unixstuff/
xiaomaoqiqi:~/workspace/unixstuff (master) $ cd
xiaomaoqiqi:~ $ pwd
/home/ubuntu
xiaomaoqiqi:~ $ cd workspace/
xiaomaoqiqi:~/workspace (master) $ cd unixstuff/backups/
xiaomaoqiqi:~/workspace/unixstuff/backups (master) $ ls
xiaomaoqiqi:~/workspace/unixstuff/backups (master) $ pwd
/home/ubuntu/workspace/unixstuff/backups
xiaomaoqiqi:~/workspace/unixstuff/backups (master) $ cd
xiaomaoqiqi:~ $ ls unixstuff
ls: cannot access unixstuff: No such file or directory
xiaomaoqiqi:~ $ cd workspace/
xiaomaoqiqi:~/workspace (master) $ ls unixstuff/
backups/
xiaomaoqiqi:~/workspace (master) $ ls backups
ls: cannot access backups: No such file or directory
xiaomaoqiqi:~/workspace (master) $ ls unixstuff/backups/
xiaomaoqiqi:~/workspace (master) $ cd
xiaomaoqiqi:~ $ ls ~/workspace/
README.md  hello-world.html  unixstuff/
xiaomaoqiqi:~ $ ls~
bash: ls~: command not found
xiaomaoqiqi:~ $ ls ~
lib/  workspace/
xiaomaoqiqi:~ $ ls ~/..
ubuntu/
xiaomaoqiqi:~ $ pwd
/home/ubuntu
xiaomaoqiqi:~ $ ls
lib/  workspace/
xiaomaoqiqi:~ $ cd workspace/
xiaomaoqiqi:~/workspace (master) $ cd unixstuff/
xiaomaoqiqi:~/workspace/unixstuff (master) $ touch tutorialOne
xiaomaoqiqi:~/workspace/unixstuff (master) $ echo history >tutorialOne
xiaomaoqiqi:~/workspace/unixstuff (master) $ c9 tutorialOne 
xiaomaoqiqi:~/workspace/unixstuff (master) $ cat history >tutorialOne 
cat: history: No such file or directory
xiaomaoqiqi:~/workspace/unixstuff (master) $ 